// Jest Snapshot v1, https://goo.gl/fbAQLP

exports[`should display and match snapshot 1`] = `
<DocumentFragment>
  <div
    class="display panel"
  >
    <div
      class="led green-led"
    >
      Unlocked
    </div>
    <div
      class="led green-led"
    >
      Open
    </div>
  </div>
</DocumentFragment>
`;
